// Jest Snapshot v1, https://goo.gl/fbAQLP

exports[`<AddCategory tests  should render AddCategory 1`] = `
<div>
  <form
    aria-label="form"
  >
    <input
      placeholder="Search Gif"
      type="text"
      value=""
    />
  </form>
</div>
`;
